[backblue.gif]
[fade.gif]
[index.html]
[sites.google.com/view/timothee-meyer-portfolio.html]
[apis.google.com/js/clientc932.js]
[sites.google.com/view/_/ss/index.html]
[sites.google.com/view/timothee-meyer-portfolio/accueil.html]
[sites.google.com/view/timothee-meyer-portfolio/group-projects/mirage-2000-d-19.html]
[sites.google.com/view/timothee-meyer-portfolio/group-projects/weber-boreal.html]
[sites.google.com/view/timothee-meyer-portfolio/group-projects/e-bike-suv-frame.html]
[sites.google.com/view/timothee-meyer-portfolio/group-projects/mecalac-cr9.html]
[sites.google.com/view/timothee-meyer-portfolio/design/figu-chair.html]
[sites.google.com/view/timothee-meyer-portfolio/design/nurbs-car-surface-modeling.html]
[sites.google.com/view/timothee-meyer-portfolio/design/free-sketching.html]
[sites.google.com/view/timothee-meyer-portfolio/design/product-sketching-exercices.html]
[sites.google.com/view/timothee-meyer-portfolio/cae/extraction-bucket.html]
[sites.google.com/view/timothee-meyer-portfolio/cae/composite-bike-frame.html]
[sites.google.com/view/timothee-meyer-portfolio/ergonomics/hmi-cd-player-redesign.html]
[sites.google.com/view/timothee-meyer-portfolio/_/ss/index.html]
[sites.google.com/view/timothee-meyer-portfolio/group-projects/_/ss/index.html]
[sites.google.com/view/timothee-meyer-portfolio/group-projects/_https_/ajax.googleapis.com/ajax/libs/model-viewer/4.0.0/model-viewer.min.js___/script_.html]
[sites.google.com/view/timothee-meyer-portfolio/group-projects/_https_/raw.githubusercontent.com/Scavenger-Tim/3d_renders/main/weber2.glb_.html]
[sites.google.com/view/timothee-meyer-portfolio/group-projects/_https_/raw.githubusercontent.com/Scavenger-Tim/3d_renders/main/bike1.glb_.html]
[sites.google.com/view/timothee-meyer-portfolio/group-projects/_https_/raw.githubusercontent.com/Scavenger-Tim/3d_renders/main/cr15blend.glb_.html]
[sites.google.com/view/timothee-meyer-portfolio/design/_/ss/index.html]
[sites.google.com/view/timothee-meyer-portfolio/design/_https_/ajax.googleapis.com/ajax/libs/model-viewer/4.0.0/model-viewer.min.js___/script_.html]
[sites.google.com/view/timothee-meyer-portfolio/design/_https_/raw.githubusercontent.com/Scavenger-Tim/3d_renders/main/chair1.glb_.html]
[sites.google.com/view/timothee-meyer-portfolio/design/_https_/raw.githubusercontent.com/Scavenger-Tim/3d_renders/main/car3.glb_.html]
[sites.google.com/view/timothee-meyer-portfolio/cae/_/ss/index.html]
[sites.google.com/view/timothee-meyer-portfolio/ergonomics/_/ss/index.html]
